components/sections/WarpTransition.tsx(161,25): error TS2322: Type 'undefined' is not assignable to type 'Element'.
components/sections/WarpTransition.tsx(162,25): error TS2322: Type 'undefined' is not assignable to type 'Element'.
components/three/PostProcessing.tsx(54,7): error TS2322: Type 'false | Element' is not assignable to type 'Element'.
  Type 'boolean' is not assignable to type 'ReactElement<any, any>'.
components/three/PostProcessing.tsx(63,7): error TS2322: Type 'false | Element' is not assignable to type 'Element'.
  Type 'boolean' is not assignable to type 'ReactElement<any, any>'.
components/three/PostProcessing.tsx(72,7): error TS2322: Type 'false | Element' is not assignable to type 'Element'.
  Type 'boolean' is not assignable to type 'ReactElement<any, any>'.
components/three/PostProcessing.tsx(79,7): error TS2322: Type 'false | Element' is not assignable to type 'Element'.
  Type 'boolean' is not assignable to type 'ReactElement<any, any>'.
components/three/PostProcessing.tsx(87,7): error TS2322: Type 'false | Element' is not assignable to type 'Element'.
  Type 'boolean' is not assignable to type 'ReactElement<any, any>'.
components/three/PostProcessing.tsx(94,7): error TS2322: Type 'false | Element' is not assignable to type 'Element'.
  Type 'boolean' is not assignable to type 'ReactElement<any, any>'.
components/three/Scene.tsx(43,7): error TS2322: Type 'false | Element' is not assignable to type 'Element'.
  Type 'boolean' is not assignable to type 'ReactElement<any, any>'.
components/three/Scene.tsx(51,7): error TS2322: Type 'false | Element' is not assignable to type 'Element'.
  Type 'boolean' is not assignable to type 'ReactElement<any, any>'.
components/three/SkillsConstellation.tsx(40,11): error TS2322: Type 'Skill' is not assignable to type 'string'.
components/three/SkillsConstellation.tsx(42,30): error TS2339: Property 'name' does not exist on type 'SkillCategory'.
components/ui/MagneticButton.tsx(68,38): error TS2345: Argument of type '(e: MouseEvent) => void' is not assignable to parameter of type 'EventListenerOrEventListenerObject'.
  Type '(e: MouseEvent) => void' is not assignable to type 'EventListener'.
    Types of parameters 'e' and 'evt' are incompatible.
      Type 'Event' is missing the following properties from type 'MouseEvent': altKey, button, buttons, clientX, and 23 more.
components/ui/MagneticButton.tsx(72,43): error TS2345: Argument of type '(e: MouseEvent) => void' is not assignable to parameter of type 'EventListenerOrEventListenerObject'.
  Type '(e: MouseEvent) => void' is not assignable to type 'EventListener'.
    Types of parameters 'e' and 'evt' are incompatible.
      Type 'Event' is missing the following properties from type 'MouseEvent': altKey, button, buttons, clientX, and 23 more.
components/ui/ResponsiveMotion.tsx(466,15): error TS2322: Type 'RefObject<HTMLElement>' is not assignable to type 'LegacyRef<HTMLHeadingElement> | undefined'.
  Type 'RefObject<HTMLElement>' is not assignable to type 'RefObject<HTMLHeadingElement>'.
    Property 'align' is missing in type 'HTMLElement' but required in type 'HTMLHeadingElement'.
